// Jest Snapshot v1, https://goo.gl/fbAQLP

exports[`renders App component renders App correctly 1`] = `
<Fragment>
  <Memo(l) />
  <styled.div>
    <styled.h1>
      TIC-TAC-TOE
    </styled.h1>
    <Game />
    <p>
      Styled components & React Hooks
    </p>
    <p>
      Made with
       
      <span
        aria-label="Love"
        role="img"
      >
        ðŸ’•
      </span>
       
      by Zsofi
    </p>
  </styled.div>
</Fragment>
`;
