// Jest Snapshot v1, https://goo.gl/fbAQLP

exports[`renders Board component renders Board correctly 1`] = `
<Fragment>
  <styled.div>
    <styled.button
      board={null}
      ended={false}
      id={0}
      key="0"
      onClick={[Function]}
    />
    <styled.button
      board={null}
      ended={false}
      id={1}
      key="1"
      onClick={[Function]}
    />
    <styled.button
      board={null}
      ended={false}
      id={2}
      key="2"
      onClick={[Function]}
    />
    <styled.button
      board={null}
      ended={false}
      id={3}
      key="3"
      onClick={[Function]}
    />
    <styled.button
      board={null}
      ended={false}
      id={4}
      key="4"
      onClick={[Function]}
    />
    <styled.button
      board={null}
      ended={false}
      id={5}
      key="5"
      onClick={[Function]}
    />
    <styled.button
      board={null}
      ended={false}
      id={6}
      key="6"
      onClick={[Function]}
    />
    <styled.button
      board={null}
      ended={false}
      id={7}
      key="7"
      onClick={[Function]}
    />
    <styled.button
      board={null}
      ended={false}
      id={8}
      key="8"
      onClick={[Function]}
    />
  </styled.div>
  <styled.button
    onClick={[Function]}
    type="button"
  >
    Start again
  </styled.button>
</Fragment>
`;

exports[`renders Square component renders Square correctly 1`] = `
<button
  className="sc-dlnjPT gdekQH"
/>
`;
