// Jest Snapshot v1, https://goo.gl/fbAQLP

exports[`renders Button component renders Button correctly 1`] = `
<button
  className="sc-bdnylx bbDyYP"
/>
`;
